python : C:\Users\User\AppData\Local\Microsoft\WindowsApps\python.exe: can't 
open file 'C:\\Users\\User\\Documents\\GitHub\\Information-Management-Finals-E-
Commerce-Dashboard\\MarketMate\\sana-ai-hub\\backend\\test_labeler_direct.py': 
[Errno 2] No such file or directory
At line:1 char:1
+ python "$PWD\test_labeler_direct.py" 2>&1 | Tee-Object test_output.tx ...
+ ~~~~~~~~~~~~~~~~~~~~~~~~~~~~~~~~~~~~~~~~~
    + CategoryInfo          : NotSpecified: (C:\Users\User\A...le or directory 
   :String) [], RemoteException
    + FullyQualifiedErrorId : NativeCommandError
 
